Archive member included because of file (symbol)

c:/users/the laptop shop/downloads/iti/imt_sdk_win_64/winavr/bin/../lib/gcc/avr/4.3.3/avr5\libgcc.a(_udivmodsi4.o)
                              ./CLCD_progam.o (__udivmodsi4)
c:/users/the laptop shop/downloads/iti/imt_sdk_win_64/winavr/bin/../lib/gcc/avr/4.3.3/avr5\libgcc.a(_divmodsi4.o)
                              ./CLCD_progam.o (__divmodsi4)
c:/users/the laptop shop/downloads/iti/imt_sdk_win_64/winavr/bin/../lib/gcc/avr/4.3.3/avr5\libgcc.a(_exit.o)
                              c:/users/the laptop shop/downloads/iti/imt_sdk_win_64/winavr/bin/../lib/gcc/avr/4.3.3/../../../../avr/lib/avr5/crtm32.o (exit)
c:/users/the laptop shop/downloads/iti/imt_sdk_win_64/winavr/bin/../lib/gcc/avr/4.3.3/avr5\libgcc.a(_copy_data.o)
                              ./HKEY_PAD_program.o (__do_copy_data)
c:/users/the laptop shop/downloads/iti/imt_sdk_win_64/winavr/bin/../lib/gcc/avr/4.3.3/avr5\libgcc.a(_fixunssfsi.o)
                              ./CLCD_progam.o (__fixunssfsi)
c:/users/the laptop shop/downloads/iti/imt_sdk_win_64/winavr/bin/../lib/gcc/avr/4.3.3/avr5\libgcc.a(_addsub_sf.o)
                              c:/users/the laptop shop/downloads/iti/imt_sdk_win_64/winavr/bin/../lib/gcc/avr/4.3.3/avr5\libgcc.a(_fixunssfsi.o) (__subsf3)
c:/users/the laptop shop/downloads/iti/imt_sdk_win_64/winavr/bin/../lib/gcc/avr/4.3.3/avr5\libgcc.a(_mul_sf.o)
                              ./CLCD_progam.o (__mulsf3)
c:/users/the laptop shop/downloads/iti/imt_sdk_win_64/winavr/bin/../lib/gcc/avr/4.3.3/avr5\libgcc.a(_gt_sf.o)
                              ./CLCD_progam.o (__gtsf2)
c:/users/the laptop shop/downloads/iti/imt_sdk_win_64/winavr/bin/../lib/gcc/avr/4.3.3/avr5\libgcc.a(_ge_sf.o)
                              c:/users/the laptop shop/downloads/iti/imt_sdk_win_64/winavr/bin/../lib/gcc/avr/4.3.3/avr5\libgcc.a(_fixunssfsi.o) (__gesf2)
c:/users/the laptop shop/downloads/iti/imt_sdk_win_64/winavr/bin/../lib/gcc/avr/4.3.3/avr5\libgcc.a(_lt_sf.o)
                              ./CLCD_progam.o (__ltsf2)
c:/users/the laptop shop/downloads/iti/imt_sdk_win_64/winavr/bin/../lib/gcc/avr/4.3.3/avr5\libgcc.a(_sf_to_si.o)
                              c:/users/the laptop shop/downloads/iti/imt_sdk_win_64/winavr/bin/../lib/gcc/avr/4.3.3/avr5\libgcc.a(_fixunssfsi.o) (__fixsfsi)
c:/users/the laptop shop/downloads/iti/imt_sdk_win_64/winavr/bin/../lib/gcc/avr/4.3.3/avr5\libgcc.a(_thenan_sf.o)
                              c:/users/the laptop shop/downloads/iti/imt_sdk_win_64/winavr/bin/../lib/gcc/avr/4.3.3/avr5\libgcc.a(_addsub_sf.o) (__thenan_sf)
c:/users/the laptop shop/downloads/iti/imt_sdk_win_64/winavr/bin/../lib/gcc/avr/4.3.3/avr5\libgcc.a(_prologue.o)
                              c:/users/the laptop shop/downloads/iti/imt_sdk_win_64/winavr/bin/../lib/gcc/avr/4.3.3/avr5\libgcc.a(_addsub_sf.o) (__prologue_saves__)
c:/users/the laptop shop/downloads/iti/imt_sdk_win_64/winavr/bin/../lib/gcc/avr/4.3.3/avr5\libgcc.a(_epilogue.o)
                              c:/users/the laptop shop/downloads/iti/imt_sdk_win_64/winavr/bin/../lib/gcc/avr/4.3.3/avr5\libgcc.a(_addsub_sf.o) (__epilogue_restores__)
c:/users/the laptop shop/downloads/iti/imt_sdk_win_64/winavr/bin/../lib/gcc/avr/4.3.3/avr5\libgcc.a(_pack_sf.o)
                              c:/users/the laptop shop/downloads/iti/imt_sdk_win_64/winavr/bin/../lib/gcc/avr/4.3.3/avr5\libgcc.a(_addsub_sf.o) (__pack_f)
c:/users/the laptop shop/downloads/iti/imt_sdk_win_64/winavr/bin/../lib/gcc/avr/4.3.3/avr5\libgcc.a(_unpack_sf.o)
                              c:/users/the laptop shop/downloads/iti/imt_sdk_win_64/winavr/bin/../lib/gcc/avr/4.3.3/avr5\libgcc.a(_addsub_sf.o) (__unpack_f)
c:/users/the laptop shop/downloads/iti/imt_sdk_win_64/winavr/bin/../lib/gcc/avr/4.3.3/avr5\libgcc.a(_fpcmp_parts_sf.o)
                              c:/users/the laptop shop/downloads/iti/imt_sdk_win_64/winavr/bin/../lib/gcc/avr/4.3.3/avr5\libgcc.a(_gt_sf.o) (__fpcmp_parts_f)

Memory Configuration

Name             Origin             Length             Attributes
text             0x00000000         0x00020000         xr
data             0x00800060         0x0000ffa0         rw !x
eeprom           0x00810000         0x00010000         rw !x
fuse             0x00820000         0x00000400         rw !x
lock             0x00830000         0x00000400         rw !x
signature        0x00840000         0x00000400         rw !x
*default*        0x00000000         0xffffffff

Linker script and memory map

LOAD c:/users/the laptop shop/downloads/iti/imt_sdk_win_64/winavr/bin/../lib/gcc/avr/4.3.3/../../../../avr/lib/avr5/crtm32.o
LOAD ./App.o
LOAD ./CLCD_progam.o
LOAD ./DC_Motor.o
LOAD ./HKEY_PAD_program.o
LOAD ./MADC_program.o
LOAD ./MDIO_program.o
LOAD ./MSPI_program.o
LOAD ./main.o
LOAD c:/users/the laptop shop/downloads/iti/imt_sdk_win_64/winavr/bin/../lib/gcc/avr/4.3.3/avr5\libgcc.a
LOAD c:/users/the laptop shop/downloads/iti/imt_sdk_win_64/winavr/bin/../lib/gcc/avr/4.3.3/../../../../avr/lib/avr5\libc.a
LOAD c:/users/the laptop shop/downloads/iti/imt_sdk_win_64/winavr/bin/../lib/gcc/avr/4.3.3/avr5\libgcc.a

.hash
 *(.hash)

.dynsym
 *(.dynsym)

.dynstr
 *(.dynstr)

.gnu.version
 *(.gnu.version)

.gnu.version_d
 *(.gnu.version_d)

.gnu.version_r
 *(.gnu.version_r)

.rel.init
 *(.rel.init)

.rela.init
 *(.rela.init)

.rel.text
 *(.rel.text)
 *(.rel.text.*)
 *(.rel.gnu.linkonce.t*)

.rela.text
 *(.rela.text)
 *(.rela.text.*)
 *(.rela.gnu.linkonce.t*)

.rel.fini
 *(.rel.fini)

.rela.fini
 *(.rela.fini)

.rel.rodata
 *(.rel.rodata)
 *(.rel.rodata.*)
 *(.rel.gnu.linkonce.r*)

.rela.rodata
 *(.rela.rodata)
 *(.rela.rodata.*)
 *(.rela.gnu.linkonce.r*)

.rel.data
 *(.rel.data)
 *(.rel.data.*)
 *(.rel.gnu.linkonce.d*)

.rela.data
 *(.rela.data)
 *(.rela.data.*)
 *(.rela.gnu.linkonce.d*)

.rel.ctors
 *(.rel.ctors)

.rela.ctors
 *(.rela.ctors)

.rel.dtors
 *(.rel.dtors)

.rela.dtors
 *(.rela.dtors)

.rel.got
 *(.rel.got)

.rela.got
 *(.rela.got)

.rel.bss
 *(.rel.bss)

.rela.bss
 *(.rela.bss)

.rel.plt
 *(.rel.plt)

.rela.plt
 *(.rela.plt)

.text           0x00000000     0x2bcc
 *(.vectors)
 .vectors       0x00000000       0x54 c:/users/the laptop shop/downloads/iti/imt_sdk_win_64/winavr/bin/../lib/gcc/avr/4.3.3/../../../../avr/lib/avr5/crtm32.o
                0x00000000                __vectors
                0x00000000                __vector_default
 *(.vectors)
 *(.progmem.gcc*)
 *(.progmem*)
                0x00000054                . = ALIGN (0x2)
                0x00000054                __trampolines_start = .
 *(.trampolines)
 .trampolines   0x00000054        0x0 linker stubs
 *(.trampolines*)
                0x00000054                __trampolines_end = .
 *(.jumptables)
 *(.jumptables*)
 *(.lowtext)
 *(.lowtext*)
                0x00000054                __ctors_start = .
 *(.ctors)
                0x00000054                __ctors_end = .
                0x00000054                __dtors_start = .
 *(.dtors)
                0x00000054                __dtors_end = .
 SORT(*)(.ctors)
 SORT(*)(.dtors)
 *(.init0)
 .init0         0x00000054        0x0 c:/users/the laptop shop/downloads/iti/imt_sdk_win_64/winavr/bin/../lib/gcc/avr/4.3.3/../../../../avr/lib/avr5/crtm32.o
                0x00000054                __init
 *(.init0)
 *(.init1)
 *(.init1)
 *(.init2)
 .init2         0x00000054        0xc c:/users/the laptop shop/downloads/iti/imt_sdk_win_64/winavr/bin/../lib/gcc/avr/4.3.3/../../../../avr/lib/avr5/crtm32.o
 *(.init2)
 *(.init3)
 *(.init3)
 *(.init4)
 .init4         0x00000060       0x16 c:/users/the laptop shop/downloads/iti/imt_sdk_win_64/winavr/bin/../lib/gcc/avr/4.3.3/avr5\libgcc.a(_copy_data.o)
                0x00000060                __do_copy_data
 *(.init4)
 *(.init5)
 *(.init5)
 *(.init6)
 *(.init6)
 *(.init7)
 *(.init7)
 *(.init8)
 *(.init8)
 *(.init9)
 .init9         0x00000076        0x8 c:/users/the laptop shop/downloads/iti/imt_sdk_win_64/winavr/bin/../lib/gcc/avr/4.3.3/../../../../avr/lib/avr5/crtm32.o
 *(.init9)
 *(.text)
 .text          0x0000007e        0x4 c:/users/the laptop shop/downloads/iti/imt_sdk_win_64/winavr/bin/../lib/gcc/avr/4.3.3/../../../../avr/lib/avr5/crtm32.o
                0x0000007e                __vector_1
                0x0000007e                __vector_12
                0x0000007e                __bad_interrupt
                0x0000007e                __vector_6
                0x0000007e                __vector_3
                0x0000007e                __vector_11
                0x0000007e                __vector_13
                0x0000007e                __vector_17
                0x0000007e                __vector_19
                0x0000007e                __vector_7
                0x0000007e                __vector_5
                0x0000007e                __vector_4
                0x0000007e                __vector_9
                0x0000007e                __vector_2
                0x0000007e                __vector_15
                0x0000007e                __vector_8
                0x0000007e                __vector_14
                0x0000007e                __vector_10
                0x0000007e                __vector_16
                0x0000007e                __vector_18
                0x0000007e                __vector_20
 .text          0x00000082        0x0 ./App.o
 .text          0x00000082        0x0 ./CLCD_progam.o
 .text          0x00000082        0x0 ./DC_Motor.o
 .text          0x00000082        0x0 ./HKEY_PAD_program.o
 .text          0x00000082        0x0 ./MADC_program.o
 .text          0x00000082        0x0 ./MDIO_program.o
 .text          0x00000082        0x0 ./MSPI_program.o
 .text          0x00000082        0x0 ./main.o
 .text          0x00000082        0x0 c:/users/the laptop shop/downloads/iti/imt_sdk_win_64/winavr/bin/../lib/gcc/avr/4.3.3/avr5\libgcc.a(_udivmodsi4.o)
 .text          0x00000082        0x0 c:/users/the laptop shop/downloads/iti/imt_sdk_win_64/winavr/bin/../lib/gcc/avr/4.3.3/avr5\libgcc.a(_divmodsi4.o)
 .text          0x00000082        0x0 c:/users/the laptop shop/downloads/iti/imt_sdk_win_64/winavr/bin/../lib/gcc/avr/4.3.3/avr5\libgcc.a(_exit.o)
 .text          0x00000082        0x0 c:/users/the laptop shop/downloads/iti/imt_sdk_win_64/winavr/bin/../lib/gcc/avr/4.3.3/avr5\libgcc.a(_copy_data.o)
 .text          0x00000082       0x58 c:/users/the laptop shop/downloads/iti/imt_sdk_win_64/winavr/bin/../lib/gcc/avr/4.3.3/avr5\libgcc.a(_fixunssfsi.o)
                0x00000082                __fixunssfsi
 .text          0x000000da      0x354 c:/users/the laptop shop/downloads/iti/imt_sdk_win_64/winavr/bin/../lib/gcc/avr/4.3.3/avr5\libgcc.a(_addsub_sf.o)
                0x00000372                __subsf3
                0x000003d4                __addsf3
 .text          0x0000042e      0x1f4 c:/users/the laptop shop/downloads/iti/imt_sdk_win_64/winavr/bin/../lib/gcc/avr/4.3.3/avr5\libgcc.a(_mul_sf.o)
                0x0000042e                __mulsf3
 .text          0x00000622       0x60 c:/users/the laptop shop/downloads/iti/imt_sdk_win_64/winavr/bin/../lib/gcc/avr/4.3.3/avr5\libgcc.a(_gt_sf.o)
                0x00000622                __gtsf2
 .text          0x00000682       0x60 c:/users/the laptop shop/downloads/iti/imt_sdk_win_64/winavr/bin/../lib/gcc/avr/4.3.3/avr5\libgcc.a(_ge_sf.o)
                0x00000682                __gesf2
 .text          0x000006e2       0x60 c:/users/the laptop shop/downloads/iti/imt_sdk_win_64/winavr/bin/../lib/gcc/avr/4.3.3/avr5\libgcc.a(_lt_sf.o)
                0x000006e2                __ltsf2
 .text          0x00000742       0xa8 c:/users/the laptop shop/downloads/iti/imt_sdk_win_64/winavr/bin/../lib/gcc/avr/4.3.3/avr5\libgcc.a(_sf_to_si.o)
                0x00000742                __fixsfsi
 .text          0x000007ea        0x0 c:/users/the laptop shop/downloads/iti/imt_sdk_win_64/winavr/bin/../lib/gcc/avr/4.3.3/avr5\libgcc.a(_thenan_sf.o)
 .text          0x000007ea        0x0 c:/users/the laptop shop/downloads/iti/imt_sdk_win_64/winavr/bin/../lib/gcc/avr/4.3.3/avr5\libgcc.a(_prologue.o)
 .text          0x000007ea        0x0 c:/users/the laptop shop/downloads/iti/imt_sdk_win_64/winavr/bin/../lib/gcc/avr/4.3.3/avr5\libgcc.a(_epilogue.o)
 .text          0x000007ea      0x1aa c:/users/the laptop shop/downloads/iti/imt_sdk_win_64/winavr/bin/../lib/gcc/avr/4.3.3/avr5\libgcc.a(_pack_sf.o)
                0x000007ea                __pack_f
 .text          0x00000994       0xf0 c:/users/the laptop shop/downloads/iti/imt_sdk_win_64/winavr/bin/../lib/gcc/avr/4.3.3/avr5\libgcc.a(_unpack_sf.o)
                0x00000994                __unpack_f
 .text          0x00000a84       0xb2 c:/users/the laptop shop/downloads/iti/imt_sdk_win_64/winavr/bin/../lib/gcc/avr/4.3.3/avr5\libgcc.a(_fpcmp_parts_sf.o)
                0x00000a84                __fpcmp_parts_f
                0x00000b36                . = ALIGN (0x2)
 *(.text.*)
 .text.CLCD_void_Init
                0x00000b36      0x21c ./CLCD_progam.o
                0x00000b36                CLCD_void_Init
 .text.CLCD_voidSendCommand
                0x00000d52      0x244 ./CLCD_progam.o
                0x00000d52                CLCD_voidSendCommand
 .text.CLCD_voidSendData
                0x00000f96      0x244 ./CLCD_progam.o
                0x00000f96                CLCD_voidSendData
 .text.CLCD_voidSendString
                0x000011da       0x6c ./CLCD_progam.o
                0x000011da                CLCD_voidSendString
 .text.CLCD_voidGoToXY
                0x00001246       0x3c ./CLCD_progam.o
                0x00001246                CLCD_voidGoToXY
 .text.CLCD_voidCLR
                0x00001282       0x14 ./CLCD_progam.o
                0x00001282                CLCD_voidCLR
 .text.CLCD_void_WriteSpecialCharacter
                0x00001296       0x82 ./CLCD_progam.o
                0x00001296                CLCD_void_WriteSpecialCharacter
 .text.CLCD_void_SendNumber
                0x00001318      0x15c ./CLCD_progam.o
                0x00001318                CLCD_void_SendNumber
 .text.LCD_WriteNumber
                0x00001474      0x11e ./CLCD_progam.o
                0x00001474                LCD_WriteNumber
 .text.LCD_SetCursor
                0x00001592       0x36 ./CLCD_progam.o
                0x00001592                LCD_SetCursor
 .text.CLCD_SendInt
                0x000015c8      0x11e ./CLCD_progam.o
                0x000015c8                CLCD_SendInt
 .text.Stepper_Motor_Forward
                0x000016e6      0x460 ./DC_Motor.o
                0x000016e6                Stepper_Motor_Forward
 .text.Stepper_Motor_Reverse
                0x00001b46      0x456 ./DC_Motor.o
                0x00001b46                Stepper_Motor_Reverse
 .text.DC_Motor_Forward
                0x00001f9c       0x22 ./DC_Motor.o
                0x00001f9c                DC_Motor_Forward
 .text.DC_Motor_Reverse
                0x00001fbe       0x22 ./DC_Motor.o
                0x00001fbe                DC_Motor_Reverse
 .text.DC_Motor_Stop
                0x00001fe0       0x22 ./DC_Motor.o
                0x00001fe0                DC_Motor_Stop
 .text.HKeyPad_u8GetKey
                0x00002002      0x178 ./HKEY_PAD_program.o
                0x00002002                HKeyPad_u8GetKey
 .text.MADC_voidInit
                0x0000217a       0x70 ./MADC_program.o
                0x0000217a                MADC_voidInit
 .text.MADC_u16GetValue
                0x000021ea       0x5e ./MADC_program.o
                0x000021ea                MADC_u16GetValue
 .text.PORT_voidInit
                0x00002248       0x48 ./MDIO_program.o
                0x00002248                PORT_voidInit
 .text.MDIO_voidSetPinDirection
                0x00002290      0x204 ./MDIO_program.o
                0x00002290                MDIO_voidSetPinDirection
 .text.MDIO_Error_State_tSetPinValue
                0x00002494      0x214 ./MDIO_program.o
                0x00002494                MDIO_Error_State_tSetPinValue
 .text.MDIO_Error_State_tGetPinValue
                0x000026a8      0x11e ./MDIO_program.o
                0x000026a8                MDIO_Error_State_tGetPinValue
 .text.MDIO_EnumSetPortValue
                0x000027c6       0x9e ./MDIO_program.o
                0x000027c6                MDIO_EnumSetPortValue
 .text.MDIO_EnumGetPortValue
                0x00002864       0xb2 ./MDIO_program.o
                0x00002864                MDIO_EnumGetPortValue
 .text.MDIO_Error_state_tTogglePinValue
                0x00002916      0x114 ./MDIO_program.o
                0x00002916                MDIO_Error_state_tTogglePinValue
 .text.MSPI_voidInit
                0x00002a2a       0x54 ./MSPI_program.o
                0x00002a2a                MSPI_voidInit
 .text.MSPI_u8Transcive
                0x00002a7e       0x2a ./MSPI_program.o
                0x00002a7e                MSPI_u8Transcive
 .text.main     0x00002aa8       0x38 ./main.o
                0x00002aa8                main
 .text.libgcc   0x00002ae0       0x44 c:/users/the laptop shop/downloads/iti/imt_sdk_win_64/winavr/bin/../lib/gcc/avr/4.3.3/avr5\libgcc.a(_udivmodsi4.o)
                0x00002ae0                __udivmodsi4
 .text.libgcc   0x00002b24       0x36 c:/users/the laptop shop/downloads/iti/imt_sdk_win_64/winavr/bin/../lib/gcc/avr/4.3.3/avr5\libgcc.a(_divmodsi4.o)
                0x00002b24                __divmodsi4
 .text.libgcc   0x00002b5a        0x0 c:/users/the laptop shop/downloads/iti/imt_sdk_win_64/winavr/bin/../lib/gcc/avr/4.3.3/avr5\libgcc.a(_exit.o)
 .text.libgcc   0x00002b5a        0x0 c:/users/the laptop shop/downloads/iti/imt_sdk_win_64/winavr/bin/../lib/gcc/avr/4.3.3/avr5\libgcc.a(_copy_data.o)
 .text.libgcc   0x00002b5a       0x38 c:/users/the laptop shop/downloads/iti/imt_sdk_win_64/winavr/bin/../lib/gcc/avr/4.3.3/avr5\libgcc.a(_prologue.o)
                0x00002b5a                __prologue_saves__
 .text.libgcc   0x00002b92       0x36 c:/users/the laptop shop/downloads/iti/imt_sdk_win_64/winavr/bin/../lib/gcc/avr/4.3.3/avr5\libgcc.a(_epilogue.o)
                0x00002b92                __epilogue_restores__
                0x00002bc8                . = ALIGN (0x2)
 *(.fini9)
 .fini9         0x00002bc8        0x0 c:/users/the laptop shop/downloads/iti/imt_sdk_win_64/winavr/bin/../lib/gcc/avr/4.3.3/avr5\libgcc.a(_exit.o)
                0x00002bc8                exit
                0x00002bc8                _exit
 *(.fini9)
 *(.fini8)
 *(.fini8)
 *(.fini7)
 *(.fini7)
 *(.fini6)
 *(.fini6)
 *(.fini5)
 *(.fini5)
 *(.fini4)
 *(.fini4)
 *(.fini3)
 *(.fini3)
 *(.fini2)
 *(.fini2)
 *(.fini1)
 *(.fini1)
 *(.fini0)
 .fini0         0x00002bc8        0x4 c:/users/the laptop shop/downloads/iti/imt_sdk_win_64/winavr/bin/../lib/gcc/avr/4.3.3/avr5\libgcc.a(_exit.o)
 *(.fini0)
                0x00002bcc                _etext = .

.data           0x00800060       0x18 load address 0x00002bcc
                0x00800060                PROVIDE (__data_start, .)
 *(.data)
 .data          0x00800060        0x0 c:/users/the laptop shop/downloads/iti/imt_sdk_win_64/winavr/bin/../lib/gcc/avr/4.3.3/../../../../avr/lib/avr5/crtm32.o
 .data          0x00800060        0x0 ./App.o
 .data          0x00800060        0x0 ./CLCD_progam.o
 .data          0x00800060        0x0 ./DC_Motor.o
 .data          0x00800060        0x0 ./HKEY_PAD_program.o
 .data          0x00800060        0x0 ./MADC_program.o
 .data          0x00800060        0x0 ./MDIO_program.o
 .data          0x00800060        0x0 ./MSPI_program.o
 .data          0x00800060        0x0 ./main.o
 .data          0x00800060        0x0 c:/users/the laptop shop/downloads/iti/imt_sdk_win_64/winavr/bin/../lib/gcc/avr/4.3.3/avr5\libgcc.a(_udivmodsi4.o)
 .data          0x00800060        0x0 c:/users/the laptop shop/downloads/iti/imt_sdk_win_64/winavr/bin/../lib/gcc/avr/4.3.3/avr5\libgcc.a(_divmodsi4.o)
 .data          0x00800060        0x0 c:/users/the laptop shop/downloads/iti/imt_sdk_win_64/winavr/bin/../lib/gcc/avr/4.3.3/avr5\libgcc.a(_exit.o)
 .data          0x00800060        0x0 c:/users/the laptop shop/downloads/iti/imt_sdk_win_64/winavr/bin/../lib/gcc/avr/4.3.3/avr5\libgcc.a(_copy_data.o)
 .data          0x00800060        0x0 c:/users/the laptop shop/downloads/iti/imt_sdk_win_64/winavr/bin/../lib/gcc/avr/4.3.3/avr5\libgcc.a(_fixunssfsi.o)
 .data          0x00800060        0x0 c:/users/the laptop shop/downloads/iti/imt_sdk_win_64/winavr/bin/../lib/gcc/avr/4.3.3/avr5\libgcc.a(_addsub_sf.o)
 .data          0x00800060        0x0 c:/users/the laptop shop/downloads/iti/imt_sdk_win_64/winavr/bin/../lib/gcc/avr/4.3.3/avr5\libgcc.a(_mul_sf.o)
 .data          0x00800060        0x0 c:/users/the laptop shop/downloads/iti/imt_sdk_win_64/winavr/bin/../lib/gcc/avr/4.3.3/avr5\libgcc.a(_gt_sf.o)
 .data          0x00800060        0x0 c:/users/the laptop shop/downloads/iti/imt_sdk_win_64/winavr/bin/../lib/gcc/avr/4.3.3/avr5\libgcc.a(_ge_sf.o)
 .data          0x00800060        0x0 c:/users/the laptop shop/downloads/iti/imt_sdk_win_64/winavr/bin/../lib/gcc/avr/4.3.3/avr5\libgcc.a(_lt_sf.o)
 .data          0x00800060        0x0 c:/users/the laptop shop/downloads/iti/imt_sdk_win_64/winavr/bin/../lib/gcc/avr/4.3.3/avr5\libgcc.a(_sf_to_si.o)
 .data          0x00800060        0x8 c:/users/the laptop shop/downloads/iti/imt_sdk_win_64/winavr/bin/../lib/gcc/avr/4.3.3/avr5\libgcc.a(_thenan_sf.o)
                0x00800060                __thenan_sf
 .data          0x00800068        0x0 c:/users/the laptop shop/downloads/iti/imt_sdk_win_64/winavr/bin/../lib/gcc/avr/4.3.3/avr5\libgcc.a(_prologue.o)
 .data          0x00800068        0x0 c:/users/the laptop shop/downloads/iti/imt_sdk_win_64/winavr/bin/../lib/gcc/avr/4.3.3/avr5\libgcc.a(_epilogue.o)
 .data          0x00800068        0x0 c:/users/the laptop shop/downloads/iti/imt_sdk_win_64/winavr/bin/../lib/gcc/avr/4.3.3/avr5\libgcc.a(_pack_sf.o)
 .data          0x00800068        0x0 c:/users/the laptop shop/downloads/iti/imt_sdk_win_64/winavr/bin/../lib/gcc/avr/4.3.3/avr5\libgcc.a(_unpack_sf.o)
 .data          0x00800068        0x0 c:/users/the laptop shop/downloads/iti/imt_sdk_win_64/winavr/bin/../lib/gcc/avr/4.3.3/avr5\libgcc.a(_fpcmp_parts_sf.o)
 *(.data*)
 *(.rodata)
 *(.rodata*)
 .rodata.C.0.1236
                0x00800068       0x10 ./HKEY_PAD_program.o
 *(.gnu.linkonce.d*)
                0x00800078                . = ALIGN (0x2)
                0x00800078                _edata = .
                0x00800078                PROVIDE (__data_end, .)

.bss            0x00800078        0x0
                0x00800078                PROVIDE (__bss_start, .)
 *(.bss)
 .bss           0x00800078        0x0 c:/users/the laptop shop/downloads/iti/imt_sdk_win_64/winavr/bin/../lib/gcc/avr/4.3.3/../../../../avr/lib/avr5/crtm32.o
 .bss           0x00800078        0x0 ./App.o
 .bss           0x00800078        0x0 ./CLCD_progam.o
 .bss           0x00800078        0x0 ./DC_Motor.o
 .bss           0x00800078        0x0 ./HKEY_PAD_program.o
 .bss           0x00800078        0x0 ./MADC_program.o
 .bss           0x00800078        0x0 ./MDIO_program.o
 .bss           0x00800078        0x0 ./MSPI_program.o
 .bss           0x00800078        0x0 ./main.o
 .bss           0x00800078        0x0 c:/users/the laptop shop/downloads/iti/imt_sdk_win_64/winavr/bin/../lib/gcc/avr/4.3.3/avr5\libgcc.a(_udivmodsi4.o)
 .bss           0x00800078        0x0 c:/users/the laptop shop/downloads/iti/imt_sdk_win_64/winavr/bin/../lib/gcc/avr/4.3.3/avr5\libgcc.a(_divmodsi4.o)
 .bss           0x00800078        0x0 c:/users/the laptop shop/downloads/iti/imt_sdk_win_64/winavr/bin/../lib/gcc/avr/4.3.3/avr5\libgcc.a(_exit.o)
 .bss           0x00800078        0x0 c:/users/the laptop shop/downloads/iti/imt_sdk_win_64/winavr/bin/../lib/gcc/avr/4.3.3/avr5\libgcc.a(_copy_data.o)
 .bss           0x00800078        0x0 c:/users/the laptop shop/downloads/iti/imt_sdk_win_64/winavr/bin/../lib/gcc/avr/4.3.3/avr5\libgcc.a(_fixunssfsi.o)
 .bss           0x00800078        0x0 c:/users/the laptop shop/downloads/iti/imt_sdk_win_64/winavr/bin/../lib/gcc/avr/4.3.3/avr5\libgcc.a(_addsub_sf.o)
 .bss           0x00800078        0x0 c:/users/the laptop shop/downloads/iti/imt_sdk_win_64/winavr/bin/../lib/gcc/avr/4.3.3/avr5\libgcc.a(_mul_sf.o)
 .bss           0x00800078        0x0 c:/users/the laptop shop/downloads/iti/imt_sdk_win_64/winavr/bin/../lib/gcc/avr/4.3.3/avr5\libgcc.a(_gt_sf.o)
 .bss           0x00800078        0x0 c:/users/the laptop shop/downloads/iti/imt_sdk_win_64/winavr/bin/../lib/gcc/avr/4.3.3/avr5\libgcc.a(_ge_sf.o)
 .bss           0x00800078        0x0 c:/users/the laptop shop/downloads/iti/imt_sdk_win_64/winavr/bin/../lib/gcc/avr/4.3.3/avr5\libgcc.a(_lt_sf.o)
 .bss           0x00800078        0x0 c:/users/the laptop shop/downloads/iti/imt_sdk_win_64/winavr/bin/../lib/gcc/avr/4.3.3/avr5\libgcc.a(_sf_to_si.o)
 .bss           0x00800078        0x0 c:/users/the laptop shop/downloads/iti/imt_sdk_win_64/winavr/bin/../lib/gcc/avr/4.3.3/avr5\libgcc.a(_thenan_sf.o)
 .bss           0x00800078        0x0 c:/users/the laptop shop/downloads/iti/imt_sdk_win_64/winavr/bin/../lib/gcc/avr/4.3.3/avr5\libgcc.a(_prologue.o)
 .bss           0x00800078        0x0 c:/users/the laptop shop/downloads/iti/imt_sdk_win_64/winavr/bin/../lib/gcc/avr/4.3.3/avr5\libgcc.a(_epilogue.o)
 .bss           0x00800078        0x0 c:/users/the laptop shop/downloads/iti/imt_sdk_win_64/winavr/bin/../lib/gcc/avr/4.3.3/avr5\libgcc.a(_pack_sf.o)
 .bss           0x00800078        0x0 c:/users/the laptop shop/downloads/iti/imt_sdk_win_64/winavr/bin/../lib/gcc/avr/4.3.3/avr5\libgcc.a(_unpack_sf.o)
 .bss           0x00800078        0x0 c:/users/the laptop shop/downloads/iti/imt_sdk_win_64/winavr/bin/../lib/gcc/avr/4.3.3/avr5\libgcc.a(_fpcmp_parts_sf.o)
 *(.bss*)
 *(COMMON)
                0x00800078                PROVIDE (__bss_end, .)
                0x00002bcc                __data_load_start = LOADADDR (.data)
                0x00002be4                __data_load_end = (__data_load_start + SIZEOF (.data))

.noinit         0x00800078        0x0
                0x00800078                PROVIDE (__noinit_start, .)
 *(.noinit*)
                0x00800078                PROVIDE (__noinit_end, .)
                0x00800078                _end = .
                0x00800078                PROVIDE (__heap_start, .)

.eeprom         0x00810000        0x0
 *(.eeprom*)
                0x00810000                __eeprom_end = .

.fuse
 *(.fuse)
 *(.lfuse)
 *(.hfuse)
 *(.efuse)

.lock
 *(.lock*)

.signature
 *(.signature*)

.stab           0x00000000     0x28c8
 *(.stab)
 .stab          0x00000000      0x33c ./App.o
 .stab          0x0000033c      0xcfc ./CLCD_progam.o
                                0xf24 (size before relaxing)
 .stab          0x00001038      0x93c ./DC_Motor.o
                                0xb64 (size before relaxing)
 .stab          0x00001974      0x294 ./HKEY_PAD_program.o
                                0x330 (size before relaxing)
 .stab          0x00001c08      0x1d4 ./MADC_program.o
                                0x24c (size before relaxing)
 .stab          0x00001ddc      0x6d8 ./MDIO_program.o
                                0x774 (size before relaxing)
 .stab          0x000024b4      0x210 ./MSPI_program.o
                                0x240 (size before relaxing)
 .stab          0x000026c4      0x204 ./main.o
                                0x42c (size before relaxing)

.stabstr        0x00000000     0x1019
 *(.stabstr)
 .stabstr       0x00000000     0x1019 ./App.o

.stab.excl
 *(.stab.excl)

.stab.exclstr
 *(.stab.exclstr)

.stab.index
 *(.stab.index)

.stab.indexstr
 *(.stab.indexstr)

.comment
 *(.comment)

.debug
 *(.debug)

.line
 *(.line)

.debug_srcinfo
 *(.debug_srcinfo)

.debug_sfnames
 *(.debug_sfnames)

.debug_aranges  0x00000000      0x140
 *(.debug_aranges)
 .debug_aranges
                0x00000000       0x20 c:/users/the laptop shop/downloads/iti/imt_sdk_win_64/winavr/bin/../lib/gcc/avr/4.3.3/avr5\libgcc.a(_fixunssfsi.o)
 .debug_aranges
                0x00000020       0x20 c:/users/the laptop shop/downloads/iti/imt_sdk_win_64/winavr/bin/../lib/gcc/avr/4.3.3/avr5\libgcc.a(_addsub_sf.o)
 .debug_aranges
                0x00000040       0x20 c:/users/the laptop shop/downloads/iti/imt_sdk_win_64/winavr/bin/../lib/gcc/avr/4.3.3/avr5\libgcc.a(_mul_sf.o)
 .debug_aranges
                0x00000060       0x20 c:/users/the laptop shop/downloads/iti/imt_sdk_win_64/winavr/bin/../lib/gcc/avr/4.3.3/avr5\libgcc.a(_gt_sf.o)
 .debug_aranges
                0x00000080       0x20 c:/users/the laptop shop/downloads/iti/imt_sdk_win_64/winavr/bin/../lib/gcc/avr/4.3.3/avr5\libgcc.a(_ge_sf.o)
 .debug_aranges
                0x000000a0       0x20 c:/users/the laptop shop/downloads/iti/imt_sdk_win_64/winavr/bin/../lib/gcc/avr/4.3.3/avr5\libgcc.a(_lt_sf.o)
 .debug_aranges
                0x000000c0       0x20 c:/users/the laptop shop/downloads/iti/imt_sdk_win_64/winavr/bin/../lib/gcc/avr/4.3.3/avr5\libgcc.a(_sf_to_si.o)
 .debug_aranges
                0x000000e0       0x20 c:/users/the laptop shop/downloads/iti/imt_sdk_win_64/winavr/bin/../lib/gcc/avr/4.3.3/avr5\libgcc.a(_pack_sf.o)
 .debug_aranges
                0x00000100       0x20 c:/users/the laptop shop/downloads/iti/imt_sdk_win_64/winavr/bin/../lib/gcc/avr/4.3.3/avr5\libgcc.a(_unpack_sf.o)
 .debug_aranges
                0x00000120       0x20 c:/users/the laptop shop/downloads/iti/imt_sdk_win_64/winavr/bin/../lib/gcc/avr/4.3.3/avr5\libgcc.a(_fpcmp_parts_sf.o)

.debug_pubnames
                0x00000000      0x170
 *(.debug_pubnames)
 .debug_pubnames
                0x00000000       0x23 c:/users/the laptop shop/downloads/iti/imt_sdk_win_64/winavr/bin/../lib/gcc/avr/4.3.3/avr5\libgcc.a(_fixunssfsi.o)
 .debug_pubnames
                0x00000023       0x2c c:/users/the laptop shop/downloads/iti/imt_sdk_win_64/winavr/bin/../lib/gcc/avr/4.3.3/avr5\libgcc.a(_addsub_sf.o)
 .debug_pubnames
                0x0000004f       0x1f c:/users/the laptop shop/downloads/iti/imt_sdk_win_64/winavr/bin/../lib/gcc/avr/4.3.3/avr5\libgcc.a(_mul_sf.o)
 .debug_pubnames
                0x0000006e       0x1e c:/users/the laptop shop/downloads/iti/imt_sdk_win_64/winavr/bin/../lib/gcc/avr/4.3.3/avr5\libgcc.a(_gt_sf.o)
 .debug_pubnames
                0x0000008c       0x1e c:/users/the laptop shop/downloads/iti/imt_sdk_win_64/winavr/bin/../lib/gcc/avr/4.3.3/avr5\libgcc.a(_ge_sf.o)
 .debug_pubnames
                0x000000aa       0x1e c:/users/the laptop shop/downloads/iti/imt_sdk_win_64/winavr/bin/../lib/gcc/avr/4.3.3/avr5\libgcc.a(_lt_sf.o)
 .debug_pubnames
                0x000000c8       0x20 c:/users/the laptop shop/downloads/iti/imt_sdk_win_64/winavr/bin/../lib/gcc/avr/4.3.3/avr5\libgcc.a(_sf_to_si.o)
 .debug_pubnames
                0x000000e8       0x22 c:/users/the laptop shop/downloads/iti/imt_sdk_win_64/winavr/bin/../lib/gcc/avr/4.3.3/avr5\libgcc.a(_thenan_sf.o)
 .debug_pubnames
                0x0000010a       0x1f c:/users/the laptop shop/downloads/iti/imt_sdk_win_64/winavr/bin/../lib/gcc/avr/4.3.3/avr5\libgcc.a(_pack_sf.o)
 .debug_pubnames
                0x00000129       0x21 c:/users/the laptop shop/downloads/iti/imt_sdk_win_64/winavr/bin/../lib/gcc/avr/4.3.3/avr5\libgcc.a(_unpack_sf.o)
 .debug_pubnames
                0x0000014a       0x26 c:/users/the laptop shop/downloads/iti/imt_sdk_win_64/winavr/bin/../lib/gcc/avr/4.3.3/avr5\libgcc.a(_fpcmp_parts_sf.o)

.debug_info     0x00000000     0x1c49
 *(.debug_info)
 .debug_info    0x00000000       0xb1 c:/users/the laptop shop/downloads/iti/imt_sdk_win_64/winavr/bin/../lib/gcc/avr/4.3.3/avr5\libgcc.a(_fixunssfsi.o)
 .debug_info    0x000000b1      0x47a c:/users/the laptop shop/downloads/iti/imt_sdk_win_64/winavr/bin/../lib/gcc/avr/4.3.3/avr5\libgcc.a(_addsub_sf.o)
 .debug_info    0x0000052b      0x485 c:/users/the laptop shop/downloads/iti/imt_sdk_win_64/winavr/bin/../lib/gcc/avr/4.3.3/avr5\libgcc.a(_mul_sf.o)
 .debug_info    0x000009b0      0x27f c:/users/the laptop shop/downloads/iti/imt_sdk_win_64/winavr/bin/../lib/gcc/avr/4.3.3/avr5\libgcc.a(_gt_sf.o)
 .debug_info    0x00000c2f      0x27f c:/users/the laptop shop/downloads/iti/imt_sdk_win_64/winavr/bin/../lib/gcc/avr/4.3.3/avr5\libgcc.a(_ge_sf.o)
 .debug_info    0x00000eae      0x27f c:/users/the laptop shop/downloads/iti/imt_sdk_win_64/winavr/bin/../lib/gcc/avr/4.3.3/avr5\libgcc.a(_lt_sf.o)
 .debug_info    0x0000112d      0x2b0 c:/users/the laptop shop/downloads/iti/imt_sdk_win_64/winavr/bin/../lib/gcc/avr/4.3.3/avr5\libgcc.a(_sf_to_si.o)
 .debug_info    0x000013dd      0x12c c:/users/the laptop shop/downloads/iti/imt_sdk_win_64/winavr/bin/../lib/gcc/avr/4.3.3/avr5\libgcc.a(_thenan_sf.o)
 .debug_info    0x00001509      0x2df c:/users/the laptop shop/downloads/iti/imt_sdk_win_64/winavr/bin/../lib/gcc/avr/4.3.3/avr5\libgcc.a(_pack_sf.o)
 .debug_info    0x000017e8      0x251 c:/users/the laptop shop/downloads/iti/imt_sdk_win_64/winavr/bin/../lib/gcc/avr/4.3.3/avr5\libgcc.a(_unpack_sf.o)
 .debug_info    0x00001a39      0x210 c:/users/the laptop shop/downloads/iti/imt_sdk_win_64/winavr/bin/../lib/gcc/avr/4.3.3/avr5\libgcc.a(_fpcmp_parts_sf.o)
 *(.gnu.linkonce.wi.*)

.debug_abbrev   0x00000000      0xeeb
 *(.debug_abbrev)
 .debug_abbrev  0x00000000       0x5d c:/users/the laptop shop/downloads/iti/imt_sdk_win_64/winavr/bin/../lib/gcc/avr/4.3.3/avr5\libgcc.a(_fixunssfsi.o)
 .debug_abbrev  0x0000005d      0x1ea c:/users/the laptop shop/downloads/iti/imt_sdk_win_64/winavr/bin/../lib/gcc/avr/4.3.3/avr5\libgcc.a(_addsub_sf.o)
 .debug_abbrev  0x00000247      0x21b c:/users/the laptop shop/downloads/iti/imt_sdk_win_64/winavr/bin/../lib/gcc/avr/4.3.3/avr5\libgcc.a(_mul_sf.o)
 .debug_abbrev  0x00000462      0x15a c:/users/the laptop shop/downloads/iti/imt_sdk_win_64/winavr/bin/../lib/gcc/avr/4.3.3/avr5\libgcc.a(_gt_sf.o)
 .debug_abbrev  0x000005bc      0x15a c:/users/the laptop shop/downloads/iti/imt_sdk_win_64/winavr/bin/../lib/gcc/avr/4.3.3/avr5\libgcc.a(_ge_sf.o)
 .debug_abbrev  0x00000716      0x15a c:/users/the laptop shop/downloads/iti/imt_sdk_win_64/winavr/bin/../lib/gcc/avr/4.3.3/avr5\libgcc.a(_lt_sf.o)
 .debug_abbrev  0x00000870      0x17f c:/users/the laptop shop/downloads/iti/imt_sdk_win_64/winavr/bin/../lib/gcc/avr/4.3.3/avr5\libgcc.a(_sf_to_si.o)
 .debug_abbrev  0x000009ef       0xad c:/users/the laptop shop/downloads/iti/imt_sdk_win_64/winavr/bin/../lib/gcc/avr/4.3.3/avr5\libgcc.a(_thenan_sf.o)
 .debug_abbrev  0x00000a9c      0x1c0 c:/users/the laptop shop/downloads/iti/imt_sdk_win_64/winavr/bin/../lib/gcc/avr/4.3.3/avr5\libgcc.a(_pack_sf.o)
 .debug_abbrev  0x00000c5c      0x154 c:/users/the laptop shop/downloads/iti/imt_sdk_win_64/winavr/bin/../lib/gcc/avr/4.3.3/avr5\libgcc.a(_unpack_sf.o)
 .debug_abbrev  0x00000db0      0x13b c:/users/the laptop shop/downloads/iti/imt_sdk_win_64/winavr/bin/../lib/gcc/avr/4.3.3/avr5\libgcc.a(_fpcmp_parts_sf.o)

.debug_line     0x00000000      0xdad
 *(.debug_line)
 .debug_line    0x00000000       0xa7 c:/users/the laptop shop/downloads/iti/imt_sdk_win_64/winavr/bin/../lib/gcc/avr/4.3.3/avr5\libgcc.a(_fixunssfsi.o)
 .debug_line    0x000000a7      0x2af c:/users/the laptop shop/downloads/iti/imt_sdk_win_64/winavr/bin/../lib/gcc/avr/4.3.3/avr5\libgcc.a(_addsub_sf.o)
 .debug_line    0x00000356      0x239 c:/users/the laptop shop/downloads/iti/imt_sdk_win_64/winavr/bin/../lib/gcc/avr/4.3.3/avr5\libgcc.a(_mul_sf.o)
 .debug_line    0x0000058f       0xd3 c:/users/the laptop shop/downloads/iti/imt_sdk_win_64/winavr/bin/../lib/gcc/avr/4.3.3/avr5\libgcc.a(_gt_sf.o)
 .debug_line    0x00000662       0xd3 c:/users/the laptop shop/downloads/iti/imt_sdk_win_64/winavr/bin/../lib/gcc/avr/4.3.3/avr5\libgcc.a(_ge_sf.o)
 .debug_line    0x00000735       0xd3 c:/users/the laptop shop/downloads/iti/imt_sdk_win_64/winavr/bin/../lib/gcc/avr/4.3.3/avr5\libgcc.a(_lt_sf.o)
 .debug_line    0x00000808      0x109 c:/users/the laptop shop/downloads/iti/imt_sdk_win_64/winavr/bin/../lib/gcc/avr/4.3.3/avr5\libgcc.a(_sf_to_si.o)
 .debug_line    0x00000911       0x90 c:/users/the laptop shop/downloads/iti/imt_sdk_win_64/winavr/bin/../lib/gcc/avr/4.3.3/avr5\libgcc.a(_thenan_sf.o)
 .debug_line    0x000009a1      0x18a c:/users/the laptop shop/downloads/iti/imt_sdk_win_64/winavr/bin/../lib/gcc/avr/4.3.3/avr5\libgcc.a(_pack_sf.o)
 .debug_line    0x00000b2b      0x14b c:/users/the laptop shop/downloads/iti/imt_sdk_win_64/winavr/bin/../lib/gcc/avr/4.3.3/avr5\libgcc.a(_unpack_sf.o)
 .debug_line    0x00000c76      0x137 c:/users/the laptop shop/downloads/iti/imt_sdk_win_64/winavr/bin/../lib/gcc/avr/4.3.3/avr5\libgcc.a(_fpcmp_parts_sf.o)

.debug_frame    0x00000000      0x160
 *(.debug_frame)
 .debug_frame   0x00000000       0x20 c:/users/the laptop shop/downloads/iti/imt_sdk_win_64/winavr/bin/../lib/gcc/avr/4.3.3/avr5\libgcc.a(_fixunssfsi.o)
 .debug_frame   0x00000020       0x40 c:/users/the laptop shop/downloads/iti/imt_sdk_win_64/winavr/bin/../lib/gcc/avr/4.3.3/avr5\libgcc.a(_addsub_sf.o)
 .debug_frame   0x00000060       0x20 c:/users/the laptop shop/downloads/iti/imt_sdk_win_64/winavr/bin/../lib/gcc/avr/4.3.3/avr5\libgcc.a(_mul_sf.o)
 .debug_frame   0x00000080       0x20 c:/users/the laptop shop/downloads/iti/imt_sdk_win_64/winavr/bin/../lib/gcc/avr/4.3.3/avr5\libgcc.a(_gt_sf.o)
 .debug_frame   0x000000a0       0x20 c:/users/the laptop shop/downloads/iti/imt_sdk_win_64/winavr/bin/../lib/gcc/avr/4.3.3/avr5\libgcc.a(_ge_sf.o)
 .debug_frame   0x000000c0       0x20 c:/users/the laptop shop/downloads/iti/imt_sdk_win_64/winavr/bin/../lib/gcc/avr/4.3.3/avr5\libgcc.a(_lt_sf.o)
 .debug_frame   0x000000e0       0x20 c:/users/the laptop shop/downloads/iti/imt_sdk_win_64/winavr/bin/../lib/gcc/avr/4.3.3/avr5\libgcc.a(_sf_to_si.o)
 .debug_frame   0x00000100       0x20 c:/users/the laptop shop/downloads/iti/imt_sdk_win_64/winavr/bin/../lib/gcc/avr/4.3.3/avr5\libgcc.a(_pack_sf.o)
 .debug_frame   0x00000120       0x20 c:/users/the laptop shop/downloads/iti/imt_sdk_win_64/winavr/bin/../lib/gcc/avr/4.3.3/avr5\libgcc.a(_unpack_sf.o)
 .debug_frame   0x00000140       0x20 c:/users/the laptop shop/downloads/iti/imt_sdk_win_64/winavr/bin/../lib/gcc/avr/4.3.3/avr5\libgcc.a(_fpcmp_parts_sf.o)

.debug_str      0x00000000      0x28d
 *(.debug_str)
 .debug_str     0x00000000       0xbf c:/users/the laptop shop/downloads/iti/imt_sdk_win_64/winavr/bin/../lib/gcc/avr/4.3.3/avr5\libgcc.a(_fixunssfsi.o)
                                 0xfe (size before relaxing)
 .debug_str     0x000000bf      0x14d c:/users/the laptop shop/downloads/iti/imt_sdk_win_64/winavr/bin/../lib/gcc/avr/4.3.3/avr5\libgcc.a(_addsub_sf.o)
                                0x206 (size before relaxing)
 .debug_str     0x0000020c       0x27 c:/users/the laptop shop/downloads/iti/imt_sdk_win_64/winavr/bin/../lib/gcc/avr/4.3.3/avr5\libgcc.a(_mul_sf.o)
                                0x1bf (size before relaxing)
 .debug_str     0x00000233        0xf c:/users/the laptop shop/downloads/iti/imt_sdk_win_64/winavr/bin/../lib/gcc/avr/4.3.3/avr5\libgcc.a(_gt_sf.o)
                                0x195 (size before relaxing)
 .debug_str     0x00000242        0x8 c:/users/the laptop shop/downloads/iti/imt_sdk_win_64/winavr/bin/../lib/gcc/avr/4.3.3/avr5\libgcc.a(_ge_sf.o)
                                0x195 (size before relaxing)
 .debug_str     0x0000024a        0x8 c:/users/the laptop shop/downloads/iti/imt_sdk_win_64/winavr/bin/../lib/gcc/avr/4.3.3/avr5\libgcc.a(_lt_sf.o)
                                0x195 (size before relaxing)
 .debug_str     0x00000252        0xa c:/users/the laptop shop/downloads/iti/imt_sdk_win_64/winavr/bin/../lib/gcc/avr/4.3.3/avr5\libgcc.a(_sf_to_si.o)
                                0x19e (size before relaxing)
 .debug_str     0x00000000      0x103 c:/users/the laptop shop/downloads/iti/imt_sdk_win_64/winavr/bin/../lib/gcc/avr/4.3.3/avr5\libgcc.a(_thenan_sf.o)
 .debug_str     0x0000025c       0x16 c:/users/the laptop shop/downloads/iti/imt_sdk_win_64/winavr/bin/../lib/gcc/avr/4.3.3/avr5\libgcc.a(_pack_sf.o)
                                0x19d (size before relaxing)
 .debug_str     0x00000272        0xb c:/users/the laptop shop/downloads/iti/imt_sdk_win_64/winavr/bin/../lib/gcc/avr/4.3.3/avr5\libgcc.a(_unpack_sf.o)
                                0x17f (size before relaxing)
 .debug_str     0x0000027d       0x10 c:/users/the laptop shop/downloads/iti/imt_sdk_win_64/winavr/bin/../lib/gcc/avr/4.3.3/avr5\libgcc.a(_fpcmp_parts_sf.o)
                                0x163 (size before relaxing)

.debug_loc      0x00000000      0x7ce
 *(.debug_loc)
 .debug_loc     0x00000000       0x34 c:/users/the laptop shop/downloads/iti/imt_sdk_win_64/winavr/bin/../lib/gcc/avr/4.3.3/avr5\libgcc.a(_fixunssfsi.o)
 .debug_loc     0x00000034      0x32a c:/users/the laptop shop/downloads/iti/imt_sdk_win_64/winavr/bin/../lib/gcc/avr/4.3.3/avr5\libgcc.a(_addsub_sf.o)
 .debug_loc     0x0000035e      0x104 c:/users/the laptop shop/downloads/iti/imt_sdk_win_64/winavr/bin/../lib/gcc/avr/4.3.3/avr5\libgcc.a(_mul_sf.o)
 .debug_loc     0x00000462       0x3c c:/users/the laptop shop/downloads/iti/imt_sdk_win_64/winavr/bin/../lib/gcc/avr/4.3.3/avr5\libgcc.a(_gt_sf.o)
 .debug_loc     0x0000049e       0x3c c:/users/the laptop shop/downloads/iti/imt_sdk_win_64/winavr/bin/../lib/gcc/avr/4.3.3/avr5\libgcc.a(_ge_sf.o)
 .debug_loc     0x000004da       0x3c c:/users/the laptop shop/downloads/iti/imt_sdk_win_64/winavr/bin/../lib/gcc/avr/4.3.3/avr5\libgcc.a(_lt_sf.o)
 .debug_loc     0x00000516       0x7e c:/users/the laptop shop/downloads/iti/imt_sdk_win_64/winavr/bin/../lib/gcc/avr/4.3.3/avr5\libgcc.a(_sf_to_si.o)
 .debug_loc     0x00000594      0x13e c:/users/the laptop shop/downloads/iti/imt_sdk_win_64/winavr/bin/../lib/gcc/avr/4.3.3/avr5\libgcc.a(_pack_sf.o)
 .debug_loc     0x000006d2       0xac c:/users/the laptop shop/downloads/iti/imt_sdk_win_64/winavr/bin/../lib/gcc/avr/4.3.3/avr5\libgcc.a(_unpack_sf.o)
 .debug_loc     0x0000077e       0x50 c:/users/the laptop shop/downloads/iti/imt_sdk_win_64/winavr/bin/../lib/gcc/avr/4.3.3/avr5\libgcc.a(_fpcmp_parts_sf.o)

.debug_macinfo
 *(.debug_macinfo)
OUTPUT(final_AVR.elf elf32-avr)
LOAD linker stubs

.debug_ranges   0x00000000       0x50
 .debug_ranges  0x00000000       0x50 c:/users/the laptop shop/downloads/iti/imt_sdk_win_64/winavr/bin/../lib/gcc/avr/4.3.3/avr5\libgcc.a(_mul_sf.o)
